

SYSTEM_START	-	DESKTOP-CGQU3VI	DESKTOP-CGQU3VI	2024-10-18 16:20:26


SYSTEM_INFO	CarMaker 13.1 - Car_Generic #5	jetbrains@fef55bd67061 2024-05-06 14:02:32	(13.1 jetbrains@fef55bd67061 2024-05-06 13:53:05)
SIM	1729236027	DESKTOP-CGQU3VI	User	day1_scenario1	0	29.801	495.342


SYSTEM_START	-	DESKTOP-CGQU3VI	DESKTOP-CGQU3VI	2024-10-21 11:22:43


SYSTEM_INFO	CarMaker 13.1 - Car_Generic #5	jetbrains@fef55bd67061 2024-05-06 14:02:32	(13.1 jetbrains@fef55bd67061 2024-05-06 13:53:05)
SIM	1729477364	DESKTOP-CGQU3VI	User	day1_scenario1	0	29.801	495.342


SYSTEM_START	-	DESKTOP-CGQU3VI	DESKTOP-CGQU3VI	2024-10-25 08:15:57


SYSTEM_INFO	CarMaker 13.1 - Car_Generic #5	jetbrains@fef55bd67061 2024-05-06 14:02:32	(13.1 jetbrains@fef55bd67061 2024-05-06 13:53:05)
SIM	1729811758	DESKTOP-CGQU3VI	User	day1_scenario1	0	10	165.272


SYSTEM_START	-	DESKTOP-CGQU3VI	DESKTOP-CGQU3VI	2024-10-25 08:16:37


SYSTEM_INFO	CarMaker 13.1 - Car_Generic #5	jetbrains@fef55bd67061 2024-05-06 14:02:32	(13.1 jetbrains@fef55bd67061 2024-05-06 13:53:05)
SIM	1729811797	DESKTOP-CGQU3VI	User	day1_scenario1	0	10	165.272


SYSTEM_START	-	DESKTOP-CGQU3VI	DESKTOP-CGQU3VI	2024-10-25 15:34:30


SYSTEM_INFO	CarMaker 13.1 - Car_Generic #5	jetbrains@fef55bd67061 2024-05-06 14:02:32	(13.1 jetbrains@fef55bd67061 2024-05-06 13:53:05)
SIM	1729838070	DESKTOP-CGQU3VI	User	day1_scenario1	0	0.05	0.849545


SYSTEM_START	-	DESKTOP-CGQU3VI	DESKTOP-CGQU3VI	2024-10-25 15:37:31


SYSTEM_INFO	CarMaker 13.1 - Car_Generic #5	jetbrains@fef55bd67061 2024-05-06 14:02:32	(13.1 jetbrains@fef55bd67061 2024-05-06 13:53:05)
SIM	1729838252	DESKTOP-CGQU3VI	User	day1_scenario1	0	10	165.272


SYSTEM_START	-	DESKTOP-CGQU3VI	DESKTOP-CGQU3VI	2024-10-25 15:40:09


SYSTEM_INFO	CarMaker 13.1 - Car_Generic #5	jetbrains@fef55bd67061 2024-05-06 14:02:32	(13.1 jetbrains@fef55bd67061 2024-05-06 13:53:05)
SIM	1729838409	DESKTOP-CGQU3VI	User	day6_scenario1	0	6.65	5.79272e-06


SYSTEM_START	-	DESKTOP-CGQU3VI	DESKTOP-CGQU3VI	2024-10-25 15:44:01


SYSTEM_INFO	CarMaker 13.1 - Car_Generic #5	jetbrains@fef55bd67061 2024-05-06 14:02:32	(13.1 jetbrains@fef55bd67061 2024-05-06 13:53:05)
SIM	1729838642	DESKTOP-CGQU3VI	User	day6_scenario1	1	11.877	248.28


SYSTEM_START	-	DESKTOP-CGQU3VI	DESKTOP-CGQU3VI	2024-10-25 15:44:55


SYSTEM_INFO	CarMaker 13.1 - Car_Generic #5	jetbrains@fef55bd67061 2024-05-06 14:02:32	(13.1 jetbrains@fef55bd67061 2024-05-06 13:53:05)
SIM	1729838695	DESKTOP-CGQU3VI	User	day6_scenario1	1	11.877	248.28


SYSTEM_START	-	DESKTOP-CGQU3VI	DESKTOP-CGQU3VI	2024-10-25 15:46:12


SYSTEM_INFO	CarMaker 13.1 - Car_Generic #5	jetbrains@fef55bd67061 2024-05-06 14:02:32	(13.1 jetbrains@fef55bd67061 2024-05-06 13:53:05)
SIM	1729838772	DESKTOP-CGQU3VI	User	day6_scenario1	1	11.877	248.28


SYSTEM_START	-	DESKTOP-CGQU3VI	DESKTOP-CGQU3VI	2024-10-25 15:48:00


SYSTEM_INFO	CarMaker 13.1 - Car_Generic #5	jetbrains@fef55bd67061 2024-05-06 14:02:32	(13.1 jetbrains@fef55bd67061 2024-05-06 13:53:05)
SIM	1729838880	DESKTOP-CGQU3VI	User	day6_scenario1	0	3.75	31.495


SYSTEM_START	-	DESKTOP-CGQU3VI	DESKTOP-CGQU3VI	2024-10-25 15:59:00


SYSTEM_INFO	CarMaker 13.1 - Car_Generic #5	jetbrains@fef55bd67061 2024-05-06 14:02:32	(13.1 jetbrains@fef55bd67061 2024-05-06 13:53:05)
SIM	1729839540	DESKTOP-CGQU3VI	User	day6_scenario1	1	11.877	248.28


SYSTEM_START	-	DESKTOP-CGQU3VI	DESKTOP-CGQU3VI	2024-10-25 16:09:59


SYSTEM_INFO	CarMaker 13.1 - Car_Generic #5	jetbrains@fef55bd67061 2024-05-06 14:02:32	(13.1 jetbrains@fef55bd67061 2024-05-06 13:53:05)
SIM	1729840199	DESKTOP-CGQU3VI	User	day6_scenario1	0	3.399	25.8134


SYSTEM_START	-	DESKTOP-CGQU3VI	DESKTOP-CGQU3VI	2024-10-25 16:10:43


SYSTEM_INFO	CarMaker 13.1 - Car_Generic #5	jetbrains@fef55bd67061 2024-05-06 14:02:32	(13.1 jetbrains@fef55bd67061 2024-05-06 13:53:05)
SIM	1729840243	DESKTOP-CGQU3VI	User	day7_final	1	4.448	43.9879


SYSTEM_START	-	DESKTOP-CGQU3VI	DESKTOP-CGQU3VI	2024-10-25 16:15:24


SYSTEM_INFO	CarMaker 13.1 - Car_Generic #5	jetbrains@fef55bd67061 2024-05-06 14:02:32	(13.1 jetbrains@fef55bd67061 2024-05-06 13:53:05)
SIM	1729840524	DESKTOP-CGQU3VI	User	day7_final	0	1.899	7.46195


SYSTEM_START	-	DESKTOP-CGQU3VI	DESKTOP-CGQU3VI	2024-10-25 16:16:36


SYSTEM_INFO	CarMaker 13.1 - Car_Generic #5	jetbrains@fef55bd67061 2024-05-06 14:02:32	(13.1 jetbrains@fef55bd67061 2024-05-06 13:53:05)
SIM	1729840596	DESKTOP-CGQU3VI	User	day7_final	0	0.599	0.508178


SYSTEM_START	-	DESKTOP-CGQU3VI	DESKTOP-CGQU3VI	2024-10-25 16:20:35


SYSTEM_INFO	CarMaker 13.1 - Car_Generic #5	jetbrains@fef55bd67061 2024-05-06 14:02:32	(13.1 jetbrains@fef55bd67061 2024-05-06 13:53:05)
SIM	1729840836	DESKTOP-CGQU3VI	User	day7_final	0	0.05	0.000337594


SYSTEM_START	-	DESKTOP-CGQU3VI	DESKTOP-CGQU3VI	2024-10-25 16:21:21


SYSTEM_INFO	CarMaker 13.1 - Car_Generic #5	jetbrains@fef55bd67061 2024-05-06 14:02:32	(13.1 jetbrains@fef55bd67061 2024-05-06 13:53:05)
SIM	1729840881	DESKTOP-CGQU3VI	User	day7_final	0	2.97	19.5124


SYSTEM_START	-	DESKTOP-CGQU3VI	DESKTOP-CGQU3VI	2024-10-25 16:22:43


SYSTEM_INFO	CarMaker 13.1 - Car_Generic #5	jetbrains@fef55bd67061 2024-05-06 14:02:32	(13.1 jetbrains@fef55bd67061 2024-05-06 13:53:05)
SIM	1729840963	DESKTOP-CGQU3VI	User	day7_final	1	4.448	43.9879


SYSTEM_START	-	DESKTOP-CGQU3VI	DESKTOP-CGQU3VI	2024-10-25 16:24:01


SYSTEM_INFO	CarMaker 13.1 - Car_Generic #5	jetbrains@fef55bd67061 2024-05-06 14:02:32	(13.1 jetbrains@fef55bd67061 2024-05-06 13:53:05)
SIM	1729841041	DESKTOP-CGQU3VI	User	day7_final	0	1.257	2.97441


SYSTEM_START	-	DESKTOP-CGQU3VI	DESKTOP-CGQU3VI	2024-10-25 16:25:18


SYSTEM_INFO	CarMaker 13.1 - Car_Generic #5	jetbrains@fef55bd67061 2024-05-06 14:02:32	(13.1 jetbrains@fef55bd67061 2024-05-06 13:53:05)
SIM	1729841119	DESKTOP-CGQU3VI	User	day7_final	0	2.301	11.3205


SYSTEM_START	-	DESKTOP-CGQU3VI	DESKTOP-CGQU3VI	2024-10-25 16:26:11


SYSTEM_INFO	CarMaker 13.1 - Car_Generic #5	jetbrains@fef55bd67061 2024-05-06 14:02:32	(13.1 jetbrains@fef55bd67061 2024-05-06 13:53:05)
SIM	1729841172	DESKTOP-CGQU3VI	User	day7_final	0	0.697	0.739727


SYSTEM_START	-	DESKTOP-CGQU3VI	DESKTOP-CGQU3VI	2024-10-25 16:28:12


SYSTEM_INFO	CarMaker 13.1 - Car_Generic #5	jetbrains@fef55bd67061 2024-05-06 14:02:32	(13.1 jetbrains@fef55bd67061 2024-05-06 13:53:05)
SIM	1729841293	DESKTOP-CGQU3VI	User	day7_final	0	2.946	19.1824


SYSTEM_START	-	DESKTOP-CGQU3VI	DESKTOP-CGQU3VI	2024-10-25 16:29:55


SYSTEM_INFO	CarMaker 13.1 - Car_Generic #5	jetbrains@fef55bd67061 2024-05-06 14:02:32	(13.1 jetbrains@fef55bd67061 2024-05-06 13:53:05)
SIM	1729841396	DESKTOP-CGQU3VI	User	day7_final	0	2.316	11.4801


SYSTEM_START	-	DESKTOP-CGQU3VI	DESKTOP-CGQU3VI	2024-10-25 16:37:55


SYSTEM_INFO	CarMaker 13.1 - Car_Generic #5	jetbrains@fef55bd67061 2024-05-06 14:02:32	(13.1 jetbrains@fef55bd67061 2024-05-06 13:53:05)
SIM	1729841875	DESKTOP-CGQU3VI	User	day7_final	0	3.403	25.8756
