

SYSTEM_START	-	desktop-cgqu3vi	일 10 27 02:02:57 2024


SYSTEM_INFO	Movie NX pro 13.1.0 2024-05-06
APO: Successfully connected to: CarMaker 13.1 - Car_Generic @ DESKTOP-CGQU3VI(127.0.0.1):6752
Using RenderSettingsProfile: RenderSettings_high.cfg -> template_high.render
Loading Installed scripts...
Loading User scripts...
ApoConnection: Disconnecting...
Loading Test Run from path C:/ADAS/ADAS_Motion_Planning/Practice_sample/Data/TestRun/.tmp_preview
[Warning] Invalid configuration file for Creator "MovieNX". Perhaps the file was not yet created? Path: C:/ADAS/ADAS_Motion_Planning/Practice_sample/MovieNX/data/Camera/Camera.cfg)
[Warning] [Engine] Texture "core_nx/road/trafficsigns/textures/DEU/ParkingLot.dds" is not power of two size 216x216
ApoConnection: Disconnecting...
APO: Successfully connected to: CarMaker 13.1 - Car_Generic @ DESKTOP-CGQU3VI(127.0.0.1):6752
Loading Test Run from path C:/ADAS/ADAS_Motion_Planning/Practice_sample/Data/TestRun/.tmp_DESKTOP-CGQU3VI_User.0
Loading Test Run from path C:/ADAS/ADAS_Motion_Planning/Practice_sample/Data/TestRun/.tmp_DESKTOP-CGQU3VI_User.1
Loading Test Run from path C:/ADAS/ADAS_Motion_Planning/Practice_sample/Data/TestRun/.tmp_DESKTOP-CGQU3VI_User.0
Loading Test Run from path C:/ADAS/ADAS_Motion_Planning/Practice_sample/Data/TestRun/.tmp_DESKTOP-CGQU3VI_User.1
Loading Test Run from path C:/ADAS/ADAS_Motion_Planning/Practice_sample/Data/TestRun/.tmp_DESKTOP-CGQU3VI_User.0
Loading Test Run from path C:/ADAS/ADAS_Motion_Planning/Practice_sample/Data/TestRun/.tmp_DESKTOP-CGQU3VI_User.1
Loading Test Run from path C:/ADAS/ADAS_Motion_Planning/Practice_sample/Data/TestRun/.tmp_DESKTOP-CGQU3VI_User.0
Loading Test Run from path C:/ADAS/ADAS_Motion_Planning/Practice_sample/Data/TestRun/.tmp_DESKTOP-CGQU3VI_User.1
Loading Test Run from path C:/ADAS/ADAS_Motion_Planning/Practice_sample/Data/TestRun/.tmp_DESKTOP-CGQU3VI_User.0
Loading Test Run from path C:/ADAS/ADAS_Motion_Planning/Practice_sample/Data/TestRun/.tmp_DESKTOP-CGQU3VI_User.1
Loading Test Run from path C:/ADAS/ADAS_Motion_Planning/Practice_sample/Data/TestRun/.tmp_DESKTOP-CGQU3VI_User.0
ApoConnection: Disconnecting...
