APPLICATION	CarMaker 13.1 - Car_Generic #5 (win64-13.1)
COMPILED	jetbrains@fef55bd67061 2024-05-06 14:02:32
 
		I/O Configuration: default
SIM_START	day7_final_final	2024-10-27 12:31:42
TIME	0.001
		Current random seed value = 1729999902
TIME	0.000
SIMULATE	day7_final_final

TIME	125.058
SIM_END		day7_final_final	125.058s	826.596m
APPLICATION	CarMaker 13.1 - Car_Generic #5 (win64-13.1)
COMPILED	jetbrains@fef55bd67061 2024-05-06 14:02:32
 
		I/O Configuration: default
SIM_START	day7_final_final	2024-10-27 12:44:15
TIME	0.001
		Current random seed value = 1730000655
TIME	0.000
SIMULATE	day7_final_final

SIM_END		day7_final_final	0.251s	2.68695e-06m
APPLICATION	CarMaker 13.1 - Car_Generic #5 (win64-13.1)
COMPILED	jetbrains@fef55bd67061 2024-05-06 14:02:32
 
		I/O Configuration: default
SIM_START	day7_final_final	2024-10-27 12:44:46
TIME	0.001
		Current random seed value = 1730000686
TIME	0.000
SIMULATE	day7_final_final

TIME	125.058
SIM_END		day7_final_final	125.058s	826.596m
APPLICATION	CarMaker 13.1 - Car_Generic #5 (win64-13.1)
COMPILED	jetbrains@fef55bd67061 2024-05-06 14:02:32
 
		I/O Configuration: default
SIM_START	day7_final_final	2024-10-27 12:45:36
TIME	0.001
		Current random seed value = 1730000736
TIME	0.000
SIMULATE	day7_final_final

TIME	125.058
SIM_END		day7_final_final	125.058s	826.596m
APPLICATION	CarMaker 13.1 - Car_Generic #5 (win64-13.1)
COMPILED	jetbrains@fef55bd67061 2024-05-06 14:02:32
 
		I/O Configuration: default
SIM_START	day7_final_final	2024-10-27 12:50:08
TIME	0.001
		Current random seed value = 1730001008
TIME	0.000
SIMULATE	day7_final_final

TIME	125.058
SIM_END		day7_final_final	125.058s	826.596m
APPLICATION	CarMaker 13.1 - Car_Generic #5 (win64-13.1)
COMPILED	jetbrains@fef55bd67061 2024-05-06 14:02:32
 
		I/O Configuration: default
SIM_START	day7_final_final	2024-10-27 12:59:43
TIME	0.001
		Current random seed value = 1730001583
TIME	0.000
SIMULATE	day7_final_final

TIME	9.254
SIM_END		day7_final_final	9.251s	3.6388m
APPLICATION	CarMaker 13.1 - Car_Generic #5 (win64-13.1)
COMPILED	jetbrains@fef55bd67061 2024-05-06 14:02:32
 
		I/O Configuration: default
SIM_START	day7_final_final	2024-10-27 13:07:00
TIME	0.001
		Current random seed value = 1730002020
TIME	0.000
SIMULATE	day7_final_final

TIME	108.054
SIM_END		day7_final_final	108.051s	607.436m
APPLICATION	CarMaker 13.1 - Car_Generic #5 (win64-13.1)
COMPILED	jetbrains@fef55bd67061 2024-05-06 14:02:32
 
		I/O Configuration: default
SIM_START	day7_final_final	2024-10-27 13:18:45
TIME	0.001
		Current random seed value = 1730002725
TIME	0.000
SIMULATE	day7_final_final

TIME	84.004
SIM_END		day7_final_final	84.001s	356.353m
APPLICATION	CarMaker 13.1 - Car_Generic #5 (win64-13.1)
COMPILED	jetbrains@fef55bd67061 2024-05-06 14:02:32
 
		I/O Configuration: default
SIM_START	day7_final_final	2024-10-27 13:30:08
TIME	0.001
		Current random seed value = 1730003408
TIME	0.000
SIMULATE	day7_final_final

TIME	97.554
SIM_END		day7_final_final	97.551s	489.096m
APPLICATION	CarMaker 13.1 - Car_Generic #5 (win64-13.1)
COMPILED	jetbrains@fef55bd67061 2024-05-06 14:02:32
 
		I/O Configuration: default
SIM_START	day7_final_final	2024-10-27 13:31:54
TIME	0.001
		Current random seed value = 1730003514
TIME	0.000
SIMULATE	day7_final_final

TIME	66.255
SIM_END		day7_final_final	66.252s	215.763m
APPLICATION	CarMaker 13.1 - Car_Generic #5 (win64-13.1)
COMPILED	jetbrains@fef55bd67061 2024-05-06 14:02:32
 
		I/O Configuration: default
SIM_START	day7_final_final	2024-10-27 13:32:40
TIME	0.001
		Current random seed value = 1730003560
TIME	0.000
SIMULATE	day7_final_final

TIME	79.805
SIM_END		day7_final_final	79.802s	319.52m
APPLICATION	CarMaker 13.1 - Car_Generic #5 (win64-13.1)
COMPILED	jetbrains@fef55bd67061 2024-05-06 14:02:32
 
		I/O Configuration: default
SIM_START	day7_final_final	2024-10-27 13:43:43
TIME	0.001
		Current random seed value = 1730004223
TIME	0.000
SIMULATE	day7_final_final

TIME	68.187
SIM_END		day7_final_final	68.184s	228.958m
APPLICATION	CarMaker 13.1 - Car_Generic #5 (win64-13.1)
COMPILED	jetbrains@fef55bd67061 2024-05-06 14:02:32
 
		I/O Configuration: default
SIM_START	day7_final_final	2024-10-27 13:44:30
TIME	0.001
		Current random seed value = 1730004270
TIME	0.000
SIMULATE	day7_final_final

TIME	59.754
SIM_END		day7_final_final	59.751s	174.534m
APPLICATION	CarMaker 13.1 - Car_Generic #5 (win64-13.1)
COMPILED	jetbrains@fef55bd67061 2024-05-06 14:02:32
 
		I/O Configuration: default
SIM_START	day7_final_final	2024-10-27 13:45:05
TIME	0.001
		Current random seed value = 1730004305
TIME	0.000
SIMULATE	day7_final_final

TIME	96.667
SIM_END		day7_final_final	96.664s	479.721m
APPLICATION	CarMaker 13.1 - Car_Generic #5 (win64-13.1)
COMPILED	jetbrains@fef55bd67061 2024-05-06 14:02:32
 
		I/O Configuration: default
SIM_START	day7_final_final	2024-10-27 13:46:29
TIME	0.001
		Current random seed value = 1730004389
TIME	0.000
SIMULATE	day7_final_final

TIME	73.479
SIM_END		day7_final_final	73.479s	826.628m
