APPLICATION	CarMaker 13.1 - Car_Generic #5 (win64-13.1)
COMPILED	jetbrains@fef55bd67061 2024-05-06 14:02:32
 
		I/O Configuration: default
SIM_START	day7_final_final	2024-10-27 09:21:09
TIME	0.001
		Current random seed value = 1729988469
TIME	0.000
SIMULATE	day7_final_final

SIM_END		day7_final_final	0s	0m
APPLICATION	CarMaker 13.1 - Car_Generic #5 (win64-13.1)
COMPILED	jetbrains@fef55bd67061 2024-05-06 14:02:32
 
		I/O Configuration: default
SIM_START	day7_final_final	2024-10-27 09:21:42
TIME	0.001
		Current random seed value = 1729988502
TIME	0.000
SIMULATE	day7_final_final

TIME	125.058
SIM_END		day7_final_final	125.058s	826.596m
APPLICATION	CarMaker 13.1 - Car_Generic #5 (win64-13.1)
COMPILED	jetbrains@fef55bd67061 2024-05-06 14:02:32
 
		I/O Configuration: default
SIM_START	day7_final_final	2024-10-27 09:22:42
TIME	0.001
		Current random seed value = 1729988562
TIME	0.000
SIMULATE	day7_final_final

TIME	125.058
SIM_END		day7_final_final	125.058s	826.596m
APPLICATION	CarMaker 13.1 - Car_Generic #5 (win64-13.1)
COMPILED	jetbrains@fef55bd67061 2024-05-06 14:02:32
 
		I/O Configuration: default
SIM_START	day7_final_final	2024-10-27 09:23:34
TIME	0.001
		Current random seed value = 1729988614
TIME	0.000
SIMULATE	day7_final_final

TIME	109.255
SIM_END		day7_final_final	109.252s	621.843m
APPLICATION	CarMaker 13.1 - Car_Generic #5 (win64-13.1)
COMPILED	jetbrains@fef55bd67061 2024-05-06 14:02:32
 
		I/O Configuration: default
SIM_START	day7_final_final	2024-10-27 09:26:04
TIME	0.001
		Current random seed value = 1729988764
TIME	0.000
SIMULATE	day7_final_final

TIME	31.459
SIM_END		day7_final_final	31.456s	47.2796m
APPLICATION	CarMaker 13.1 - Car_Generic #5 (win64-13.1)
COMPILED	jetbrains@fef55bd67061 2024-05-06 14:02:32
 
		I/O Configuration: default
SIM_START	day7_final_final	2024-10-27 09:27:40
TIME	0.001
		Current random seed value = 1729988860
TIME	0.000
SIMULATE	day7_final_final

TIME	117.978
SIM_END		day7_final_final	117.975s	731.504m
APPLICATION	CarMaker 13.1 - Car_Generic #5 (win64-13.1)
COMPILED	jetbrains@fef55bd67061 2024-05-06 14:02:32
 
		I/O Configuration: default
SIM_START	day7_final_final	2024-10-27 09:30:10
TIME	0.001
		Current random seed value = 1729989010
TIME	0.000
SIMULATE	day7_final_final

TIME	125.058
SIM_END		day7_final_final	125.058s	826.596m
APPLICATION	CarMaker 13.1 - Car_Generic #5 (win64-13.1)
COMPILED	jetbrains@fef55bd67061 2024-05-06 14:02:32
 
		I/O Configuration: default
SIM_START	day7_final_final	2024-10-27 09:37:01
TIME	0.001
		Current random seed value = 1729989421
TIME	0.000
SIMULATE	day7_final_final

TIME	8.305
SIM_END		day7_final_final	8.302s	2.87459m
APPLICATION	CarMaker 13.1 - Car_Generic #5 (win64-13.1)
COMPILED	jetbrains@fef55bd67061 2024-05-06 14:02:32
 
		I/O Configuration: default
SIM_START	day7_final_final	2024-10-27 09:38:04
TIME	0.001
		Current random seed value = 1729989484
TIME	0.000
SIMULATE	day7_final_final

TIME	53.504
SIM_END		day7_final_final	53.501s	139.416m
APPLICATION	CarMaker 13.1 - Car_Generic #5 (win64-13.1)
COMPILED	jetbrains@fef55bd67061 2024-05-06 14:02:32
 
		I/O Configuration: default
SIM_START	day7_final_final	2024-10-27 09:43:54
TIME	0.001
		Current random seed value = 1729989834
TIME	0.000
SIMULATE	day7_final_final

TIME	12.474
SIM_END		day7_final_final	12.471s	6.90431m
APPLICATION	CarMaker 13.1 - Car_Generic #5 (win64-13.1)
COMPILED	jetbrains@fef55bd67061 2024-05-06 14:02:32
 
		I/O Configuration: default
SIM_START	day7_final_final	2024-10-27 09:44:29
TIME	0.001
		Current random seed value = 1729989869
TIME	0.000
SIMULATE	day7_final_final

TIME	21.405
SIM_END		day7_final_final	21.402s	21.3961m
APPLICATION	CarMaker 13.1 - Car_Generic #5 (win64-13.1)
COMPILED	jetbrains@fef55bd67061 2024-05-06 14:02:32
 
		I/O Configuration: default
SIM_START	day7_final_final	2024-10-27 09:45:37
TIME	0.001
		Current random seed value = 1729989937
TIME	0.000
SIMULATE	day7_final_final

TIME	55.924
SIM_END		day7_final_final	55.921s	152.499m
APPLICATION	CarMaker 13.1 - Car_Generic #5 (win64-13.1)
COMPILED	jetbrains@fef55bd67061 2024-05-06 14:02:32
 
		I/O Configuration: default
SIM_START	day7_final_final	2024-10-27 09:47:21
TIME	0.001
		Current random seed value = 1729990041
TIME	0.000
SIMULATE	day7_final_final

TIME	75.190
SIM_END		day7_final_final	75.187s	281.156m
APPLICATION	CarMaker 13.1 - Car_Generic #5 (win64-13.1)
COMPILED	jetbrains@fef55bd67061 2024-05-06 14:02:32
 
		I/O Configuration: default
SIM_START	day7_final_final	2024-10-27 09:54:38
TIME	0.001
		Current random seed value = 1729990478
TIME	0.000
SIMULATE	day7_final_final

TIME	125.058
SIM_END		day7_final_final	125.058s	826.596m
APPLICATION	CarMaker 13.1 - Car_Generic #5 (win64-13.1)
COMPILED	jetbrains@fef55bd67061 2024-05-06 14:02:32
 
		I/O Configuration: default
SIM_START	day7_final_final	2024-10-27 09:59:28
TIME	0.001
		Current random seed value = 1729990768
TIME	0.000
SIMULATE	day7_final_final

TIME	13.806
SIM_END		day7_final_final	13.803s	8.55876m
APPLICATION	CarMaker 13.1 - Car_Generic #5 (win64-13.1)
COMPILED	jetbrains@fef55bd67061 2024-05-06 14:02:32
 
		I/O Configuration: default
SIM_START	day7_final_final	2024-10-27 10:01:48
TIME	0.001
		Current random seed value = 1729990909
TIME	0.000
SIMULATE	day7_final_final

TIME	9.677
SIM_END		day7_final_final	9.674s	4.00851m
APPLICATION	CarMaker 13.1 - Car_Generic #5 (win64-13.1)
COMPILED	jetbrains@fef55bd67061 2024-05-06 14:02:32
 
		I/O Configuration: default
SIM_START	day7_final_final	2024-10-27 10:02:58
TIME	0.001
		Current random seed value = 1729990978
TIME	0.000
SIMULATE	day7_final_final

TIME	9.804
SIM_END		day7_final_final	9.801s	4.123m
APPLICATION	CarMaker 13.1 - Car_Generic #5 (win64-13.1)
COMPILED	jetbrains@fef55bd67061 2024-05-06 14:02:32
 
		I/O Configuration: default
SIM_START	day7_final_final	2024-10-27 10:04:31
TIME	0.001
		Current random seed value = 1729991071
TIME	0.000
SIMULATE	day7_final_final

TIME	21.804
SIM_END		day7_final_final	21.801s	22.2301m
APPLICATION	CarMaker 13.1 - Car_Generic #5 (win64-13.1)
COMPILED	jetbrains@fef55bd67061 2024-05-06 14:02:32
 
		I/O Configuration: default
SIM_START	day7_final_final	2024-10-27 10:05:33
TIME	0.001
		Current random seed value = 1729991133
TIME	0.000
SIMULATE	day7_final_final

TIME	5.504
SIM_END		day7_final_final	5.501s	1.14452m
APPLICATION	CarMaker 13.1 - Car_Generic #5 (win64-13.1)
COMPILED	jetbrains@fef55bd67061 2024-05-06 14:02:32
 
		I/O Configuration: default
SIM_START	day7_final_final	2024-10-27 10:07:44
TIME	0.001
		Current random seed value = 1729991264
TIME	0.000
SIMULATE	day7_final_final

TIME	17.504
SIM_END		day7_final_final	17.501s	14.083m
APPLICATION	CarMaker 13.1 - Car_Generic #5 (win64-13.1)
COMPILED	jetbrains@fef55bd67061 2024-05-06 14:02:32
 
		I/O Configuration: default
SIM_START	day7_final_final	2024-10-27 10:10:44
TIME	0.001
		Current random seed value = 1729991444
TIME	0.000
SIMULATE	day7_final_final

TIME	48.505
SIM_END		day7_final_final	48.502s	114.263m
APPLICATION	CarMaker 13.1 - Car_Generic #5 (win64-13.1)
COMPILED	jetbrains@fef55bd67061 2024-05-06 14:02:32
 
		I/O Configuration: default
SIM_START	day7_final_final	2024-10-27 10:13:33
TIME	0.001
		Current random seed value = 1729991613
TIME	0.000
SIMULATE	day7_final_final

TIME	4.862
SIM_END		day7_final_final	4.859s	0.858522m
APPLICATION	CarMaker 13.1 - Car_Generic #5 (win64-13.1)
COMPILED	jetbrains@fef55bd67061 2024-05-06 14:02:32
 
		I/O Configuration: default
SIM_START	day7_final_final	2024-10-27 10:14:27
TIME	0.001
		Current random seed value = 1729991667
TIME	0.000
SIMULATE	day7_final_final

TIME	6.104
SIM_END		day7_final_final	6.101s	1.44908m
APPLICATION	CarMaker 13.1 - Car_Generic #5 (win64-13.1)
COMPILED	jetbrains@fef55bd67061 2024-05-06 14:02:32
 
		I/O Configuration: default
SIM_START	day7_final_final	2024-10-27 10:15:47
TIME	0.001
		Current random seed value = 1729991747
TIME	0.000
SIMULATE	day7_final_final

TIME	29.537
SIM_END		day7_final_final	29.534s	41.5493m
APPLICATION	CarMaker 13.1 - Car_Generic #5 (win64-13.1)
COMPILED	jetbrains@fef55bd67061 2024-05-06 14:02:32
 
		I/O Configuration: default
SIM_START	day7_final_final	2024-10-27 10:16:38
TIME	0.001
		Current random seed value = 1729991798
TIME	0.000
SIMULATE	day7_final_final

TIME	26.111
SIM_END		day7_final_final	26.108s	32.251m
APPLICATION	CarMaker 13.1 - Car_Generic #5 (win64-13.1)
COMPILED	jetbrains@fef55bd67061 2024-05-06 14:02:32
 
		I/O Configuration: default
SIM_START	day7_final_final	2024-10-27 10:17:08
TIME	0.001
		Current random seed value = 1729991828
TIME	0.000
SIMULATE	day7_final_final

TIME	12.404
SIM_END		day7_final_final	12.401s	6.82228m
APPLICATION	CarMaker 13.1 - Car_Generic #5 (win64-13.1)
COMPILED	jetbrains@fef55bd67061 2024-05-06 14:02:32
 
		I/O Configuration: default
SIM_START	day7_final_final	2024-10-27 10:20:04
TIME	0.001
		Current random seed value = 1729992004
TIME	0.000
SIMULATE	day7_final_final

TIME	9.504
SIM_END		day7_final_final	9.501s	3.85514m
APPLICATION	CarMaker 13.1 - Car_Generic #5 (win64-13.1)
COMPILED	jetbrains@fef55bd67061 2024-05-06 14:02:32
 
		I/O Configuration: default
SIM_START	day7_final_final	2024-10-27 10:22:09
TIME	0.001
		Current random seed value = 1729992129
TIME	0.000
SIMULATE	day7_final_final

TIME	37.615
SIM_END		day7_final_final	37.612s	68.1192m
APPLICATION	CarMaker 13.1 - Car_Generic #5 (win64-13.1)
COMPILED	jetbrains@fef55bd67061 2024-05-06 14:02:32
 
		I/O Configuration: default
SIM_START	day7_final_final	2024-10-27 10:23:39
TIME	0.001
		Current random seed value = 1729992219
TIME	0.000
SIMULATE	day7_final_final

TIME	22.304
SIM_END		day7_final_final	22.301s	23.2979m
