APPLICATION	CarMaker 13.1 - Car_Generic #5 (win64-13.1)
COMPILED	jetbrains@fef55bd67061 2024-05-06 14:02:32
 
		I/O Configuration: default
SIM_START	day7_final_final	2024-10-27 02:03:50
TIME	0.001
		Current random seed value = 1729962230
TIME	0.000
SIMULATE	day7_final_final

TIME	21.398
ERROR		Vehicle leaves road at about x=46.0342, y=-63.7166 TireNo=1
SIM_ABORT	day7_final_final	21.401s	329.022m
APPLICATION	CarMaker 13.1 - Car_Generic #5 (win64-13.1)
COMPILED	jetbrains@fef55bd67061 2024-05-06 14:02:32
 
		I/O Configuration: default
SIM_START	day7_final_final	2024-10-27 02:06:10
TIME	0.001
		Current random seed value = 1729962370
TIME	0.000
SIMULATE	day7_final_final

TIME	21.324
ERROR		Vehicle leaves road at about x=47.3181, y=-63.5945 TireNo=1
SIM_ABORT	day7_final_final	21.327s	327.688m
APPLICATION	CarMaker 13.1 - Car_Generic #5 (win64-13.1)
COMPILED	jetbrains@fef55bd67061 2024-05-06 14:02:32
 
		I/O Configuration: default
SIM_START	day7_final_final	2024-10-27 02:07:30
TIME	0.001
		Current random seed value = 1729962450
TIME	0.000
SIMULATE	day7_final_final

TIME	9.984
ERROR		Vehicle leaves road at about x=112.658, y=3.42997 TireNo=0
SIM_ABORT	day7_final_final	9.987s	195.86m
APPLICATION	CarMaker 13.1 - Car_Generic #5 (win64-13.1)
COMPILED	jetbrains@fef55bd67061 2024-05-06 14:02:32
 
		I/O Configuration: default
SIM_START	day7_final_final	2024-10-27 02:07:51
TIME	0.001
		Current random seed value = 1729962471
TIME	0.000
SIMULATE	day7_final_final

TIME	9.984
ERROR		Vehicle leaves road at about x=112.658, y=3.42997 TireNo=0
SIM_ABORT	day7_final_final	9.987s	195.86m
APPLICATION	CarMaker 13.1 - Car_Generic #5 (win64-13.1)
COMPILED	jetbrains@fef55bd67061 2024-05-06 14:02:32
 
		I/O Configuration: default
SIM_START	day7_final_final	2024-10-27 02:08:17
TIME	0.001
		Current random seed value = 1729962497
TIME	0.000
SIMULATE	day7_final_final

TIME	24.782
ERROR		Vehicle leaves road at about x=100.57, y=-77.316 TireNo=0
SIM_ABORT	day7_final_final	24.785s	276.701m
APPLICATION	CarMaker 13.1 - Car_Generic #5 (win64-13.1)
COMPILED	jetbrains@fef55bd67061 2024-05-06 14:02:32
 
		I/O Configuration: default
SIM_START	day7_final_final	2024-10-27 02:08:47
TIME	0.001
		Current random seed value = 1729962527
TIME	0.000
SIMULATE	day7_final_final

TIME	53.920
ERROR		Vehicle leaves road at about x=26.8314, y=-83.4361 TireNo=0
SIM_ABORT	day7_final_final	53.923s	360.075m
APPLICATION	CarMaker 13.1 - Car_Generic #5 (win64-13.1)
COMPILED	jetbrains@fef55bd67061 2024-05-06 14:02:32
 
		I/O Configuration: default
SIM_START	day7_final_final	2024-10-27 02:09:16
TIME	0.001
		Current random seed value = 1729962556
TIME	0.000
SIMULATE	day7_final_final

TIME	217.231
ERROR		Vehicle leaves road at about x=-33.0986, y=-99.7329 TireNo=1
SIM_ABORT	day7_final_final	217.234s	411.158m
APPLICATION	CarMaker 13.1 - Car_Generic #5 (win64-13.1)
COMPILED	jetbrains@fef55bd67061 2024-05-06 14:02:32
 
		I/O Configuration: default
SIM_START	day7_final_final	2024-10-27 02:10:41
TIME	0.001
		Current random seed value = 1729962641
TIME	0.000
SIMULATE	day7_final_final

TIME	57.936
SIM_END		day7_final_final	57.936s	826.556m
APPLICATION	CarMaker 13.1 - Car_Generic #5 (win64-13.1)
COMPILED	jetbrains@fef55bd67061 2024-05-06 14:02:32
 
		I/O Configuration: default
SIM_START	day7_final_final	2024-10-27 02:15:15
TIME	0.001
		Current random seed value = 1729962915
TIME	0.000
SIMULATE	day7_final_final

TIME	38.749
SIM_END		day7_final_final	38.746s	2.29604e-05m
APPLICATION	CarMaker 13.1 - Car_Generic #5 (win64-13.1)
COMPILED	jetbrains@fef55bd67061 2024-05-06 14:02:32
 
		I/O Configuration: default
SIM_START	day7_final_final	2024-10-27 02:15:57
TIME	0.001
		Current random seed value = 1729962957
TIME	0.000
SIMULATE	day7_final_final

TIME	57.540
SIM_END		day7_final_final	57.537s	4.01032e-05m
APPLICATION	CarMaker 13.1 - Car_Generic #5 (win64-13.1)
COMPILED	jetbrains@fef55bd67061 2024-05-06 14:02:32
 
		I/O Configuration: default
SIM_START	day7_final_final	2024-10-27 02:16:53
TIME	0.001
		Current random seed value = 1729963013
TIME	0.000
SIMULATE	day7_final_final

TIME	125.058
SIM_END		day7_final_final	125.058s	826.596m
